<html>
<body>
<pre>
<h1>礦ision Build Log</h1>
<h2>Tool Versions:</h2>
IDE-Version: μVision V5.14.0.0
Copyright (C) 2015 ARM Ltd and ARM Germany GmbH. All rights reserved.
License Information: h h, h, LIC=65ILQ-N8DVU-9TV3L-0CXRW-PR17B-ZQXE0
 
Tool Versions:
Toolchain:       MDK-ARM Standard  Version: 5.14.0.0
Toolchain Path:  C:\Keil_v5\ARM\ARMCC\Bin
C Compiler:      Armcc.exe V5.05 update 1 (build 106)
Assembler:       Armasm.exe V5.05 update 1 (build 106)
Linker/Locator:  ArmLink.exe V5.05 update 1 (build 106)
Library Manager: ArmAr.exe V5.05 update 1 (build 106)
Hex Converter:   FromElf.exe V5.05 update 1 (build 106)
CPU DLL:         SARMCM3.DLL V5.14.0.0
Dialog DLL:      DCM.DLL V1.13.1.0
Target DLL:      Segger\JL2CM3.dll V2.99.13.0
Dialog DLL:      TCM.DLL V1.14.4.0
 
<h2>Project:</h2>
C:\Users\T480\Desktop\直流无刷电机资料\有感直流无刷电机控制两个电机\BLDCM_sine_wave\Project\Program_STM32.uvproj
Project File Date:  01/15/2020

<h2>Output:</h2>
Rebuild target 'STM32F405RGT'
assembling startup_stm32f40xx.s...
compiling system_stm32f4xx.c...
compiling misc.c...
compiling stm32f4xx_rcc.c...
compiling stm32f4xx_dma.c...
compiling stm32f4xx_flash.c...
compiling stm32f4xx_gpio.c...
compiling stm32f4xx_usart.c...
compiling stm32f4xx_tim.c...
compiling stm32f4xx_spi.c...
compiling stm32f4xx_i2c.c...
compiling stm32f4xx_fsmc.c...
compiling stm32f4xx_adc.c...
compiling motor_control.c...
..\user\motor_control.c(108): warning:  #177-D: function "square_wave_drive" was declared but never referenced
  static void square_wave_drive(char a_or_b, u8 section, s16 set_speed)
..\user\motor_control.c: 1 warning, 0 errors
compiling stm32f4xx_it.c...
compiling main.c...
compiling adc.c...
compiling tim.c...
compiling usart.c...
compiling bsp.c...
compiling mpu6500.c...
linking...
Program Size: Code=18432 RO-data=456 RW-data=120 ZI-data=15624  
FromELF: creating hex file...
".\Obj\STM32F405RGT.axf" - 0 Error(s), 1 Warning(s).
</pre>
</body>
</html>
